# bo phase, started 2026-08-01T19:41:11+0200
[log] console output is copied to /cluster/home/vitorn/Matlab/NMPC_BO/MFBO_NMPC/results/logs/bo_20260801_194111.log
======================================================================
PHASE 2 of 2: optimization, case1
======================================================================
[run] phase=bo case=case1 (12 free dimensions) budget=20+100
[registry] resuming under manifest manifest_bo.json (1 restart(s) recorded)
[bo] resuming with 20 DOE and 21 OPT evaluations
[bo]  22/100 [phi v2]  z=0.9227  SSE=17993.7  SSdU=1.27964  acq=5.973
       wall: propose 33.6s (gp 4.2+0.5s, acq 14.8s), matlab 453.4s, ledger 0.003s, iteration 487.1s
[bo]  23/100 [phi v2]  z=0.8913  SSE=61231.9  SSdU=0.895087  acq=6.444
       wall: propose 19.4s (gp 5.1+0.4s, acq 13.8s), matlab 291.2s, ledger 0.002s, iteration 310.7s
       77 left, eta 8.5 h [6.6 h-10.4 h], finish ~Sun 04:26
[bo]  24/100 [phi v2]  z=0.7637  SSE=47590.5  SSdU=1.13619  acq=5.621
       wall: propose 17.3s (gp 2.8+0.7s, acq 13.8s), matlab 116.1s, ledger 0.002s, iteration 133.5s
       76 left, eta 6.6 h [2.8 h-10.3 h], finish ~Sun 02:30
[bo]  25/100 [phi v2]  z=0.8645  SSE=15752.1  SSdU=0.229802  acq=5.792
       wall: propose 17.1s (gp 2.4+0.3s, acq 14.4s), matlab 256.2s, ledger 0.002s, iteration 273.3s
       75 left, eta 6.1 h [2.8 h-10.1 h], finish ~Sun 02:06
[bo]  26/100 [phi v2]  z=0.9121  SSE=94983.7  SSdU=88.2165  acq=5.696
       wall: propose 17.3s (gp 3.1+0.4s, acq 13.8s), matlab 132.1s, ledger 0.002s, iteration 149.5s
       74 left, eta 5.6 h [2.7 h-10.0 h], finish ~Sun 01:40
[bo]  27/100 [phi v2]  z=0.6398  SSE=33342.9  SSdU=0.854269  acq=7.639
       wall: propose 17.9s (gp 4.0+0.4s, acq 13.4s), matlab 114.1s, ledger 0.003s, iteration 132.0s
       73 left, eta 3.0 h [2.7 h-6.3 h], finish ~Sat 23:07
[bo]  28/100 [phi v2]  z=1.0000  SSE=36086.6  SSdU=0.04307  acq=8.221
       wall: propose 18.7s (gp 4.7+0.3s, acq 13.7s), matlab 171.2s, ledger 0.002s, iteration 189.9s
       72 left, eta 3.0 h [2.6 h-5.5 h], finish ~Sat 23:08
[bo]  29/100 [phi v2]  z=0.8030  SSE=15913.7  SSdU=0.697844  acq=7.191
       wall: propose 23.6s (gp 8.0+0.4s, acq 15.2s), matlab 241.2s, ledger 0.002s, iteration 264.9s
       71 left, eta 3.7 h [2.6 h-5.4 h], finish ~Sat 23:58
[bo]  30/100 [phi v2]  z=0.9070  SSE=38159  SSdU=2.18703  acq=7.476
       wall: propose 23.0s (gp 7.1+0.2s, acq 15.6s), matlab 126.1s, ledger 0.002s, iteration 149.1s
       70 left, eta 2.9 h [2.6 h-5.2 h], finish ~Sat 23:10
[fit] vintage 3: fitting on 50 runs (20 DOE + 30 OPT requested)
[fit]   SSE: a = 0.626891, b = 1.184251, lambda = 0.01, loss = 1.5352e-02 (runs 49/50)
[fit]   SSdU: a = 0.971101, b = 2.521128, lambda = 0, loss = 1.5512e-01 (runs 49/50)
[fit] vintage 3 published to phi_coeffs.mat in 12.0 s
[bo]  31/100 [phi v3]  z=0.8747  SSE=13531.8  SSdU=7.86526  acq=7.339
       wall: propose 22.9s (gp 7.5+0.8s, acq 14.6s), matlab 164.2s, ledger 0.002s, iteration 187.1s
       69 left, eta 3.6 h [2.5 h-5.1 h], finish ~Sat 23:54
[bo]  32/100 [phi v3]  z=0.8496  SSE=33457.7  SSdU=1.72231  acq=7.129
       wall: propose 21.5s (gp 5.2+1.2s, acq 15.1s), matlab 368.4s, ledger 0.002s, iteration 389.9s
       68 left, eta 3.6 h [2.8 h-7.4 h], finish ~Sun 00:01
[bo]  33/100 [phi v3]  z=0.6730  SSE=38101.2  SSdU=0.111248  acq=7.04
       wall: propose 24.4s (gp 7.6+0.8s, acq 15.9s), matlab 311.3s, ledger 0.002s, iteration 335.7s
       67 left, eta 4.9 h [2.8 h-7.3 h], finish ~Sun 01:27
[bo]  34/100 [phi v3]  z=0.9675  SSE=18628.1  SSdU=0.240023  acq=7.139
       wall: propose 23.6s (gp 5.8+1.2s, acq 16.6s), matlab 173.2s, ledger 0.003s, iteration 196.8s
       66 left, eta 3.6 h [2.7 h-7.1 h], finish ~Sun 00:11
[bo]  35/100 [phi v3]  z=0.9819  SSE=20882.8  SSdU=2.83406  acq=6.836
       wall: propose 23.8s (gp 7.4+0.9s, acq 15.5s), matlab 495.5s, ledger 0.002s, iteration 519.3s
       65 left, eta 6.1 h [3.4 h-9.4 h], finish ~Sun 02:47
[bo]  36/100 [phi v3]  z=0.6697  SSE=18056  SSdU=11.5428  acq=6.489
       wall: propose 28.3s (gp 10.2+0.7s, acq 17.4s), matlab 171.2s, ledger 0.020s, iteration 199.6s
       64 left, eta 6.0 h [3.5 h-9.2 h], finish ~Sun 02:44
[wait] evaluation 57 running for 10 min
[bo]  37/100 [phi v3]  z=0.5399  SSE=38893.7  SSdU=0.079428  acq=6.569
       wall: propose 29.6s (gp 11.0+2.2s, acq 16.3s), matlab 789.9s, ledger 0.013s, iteration 819.6s
       63 left, eta 5.9 h [3.4 h-14.3 h], finish ~Sun 02:52
[bo]  38/100 [phi v3]  z=0.9787  SSE=14556.6  SSdU=11.4103  acq=7.116
       wall: propose 25.3s (gp 6.8+1.8s, acq 16.3s), matlab 490.6s, ledger 0.002s, iteration 515.8s
       62 left, eta 8.9 h [3.4 h-14.1 h], finish ~Sun 06:01
[bo]  39/100 [phi v3]  z=1.0000  SSE=17165.1  SSdU=4.09198  acq=6.438
       wall: propose 27.0s (gp 9.0+1.8s, acq 16.1s), matlab 182.2s, ledger 0.002s, iteration 209.2s
       61 left, eta 8.7 h [3.4 h-13.9 h], finish ~Sun 05:56
[bo]  40/100 [phi v3]  z=0.6069  SSE=22952.2  SSdU=3.25167  acq=6.405
       wall: propose 22.1s (gp 5.7+0.4s, acq 15.9s), matlab 96.1s, ledger 0.002s, iteration 118.2s
       60 left, eta 3.5 h [2.0 h-13.7 h], finish ~Sun 00:43
[fit] vintage 4: fitting on 60 runs (20 DOE + 40 OPT requested)
[fit]   SSE: a = 0.744466, b = 2.000234, lambda = 0, loss = 1.4672e-02 (runs 59/60)
[fit]   SSdU: a = 0.975754, b = 2.372026, lambda = 0, loss = 1.3438e-01 (runs 59/60)
[fit] vintage 4 published to phi_coeffs.mat in 13.4 s
[bo]  41/100 [phi v4]  z=0.6815  SSE=36323.6  SSdU=0.594008  acq=6.621
       wall: propose 21.8s (gp 5.1+0.9s, acq 15.7s), matlab 202.2s, ledger 0.002s, iteration 224.0s
       59 left, eta 3.7 h [1.9 h-13.4 h], finish ~Sun 00:58
[bo]  42/100 [phi v4]  z=0.8468  SSE=25437.2  SSdU=0.864641  acq=6.471
       wall: propose 22.1s (gp 5.7+0.8s, acq 15.6s), matlab 254.3s, ledger 0.004s, iteration 276.5s
       58 left, eta 3.6 h [1.9 h-8.3 h], finish ~Sun 00:59
[wait] evaluation 63 running for 10 min
[bo]  43/100 [phi v4]  z=1.0000  SSE=20347.7  SSdU=0.527702  acq=6.459
       wall: propose 17.7s (gp 4.8+0.9s, acq 11.9s), matlab 700.9s, ledger 0.019s, iteration 718.6s
       57 left, eta 3.5 h [1.9 h-11.4 h], finish ~Sun 01:07
[bo]  44/100 [phi v4]  z=0.7915  SSE=16274.2  SSdU=0.080838  acq=7.063
       wall: propose 26.0s (gp 8.7+0.5s, acq 16.7s), matlab 245.3s, ledger 0.002s, iteration 271.3s
       56 left, eta 4.2 h [1.8 h-11.2 h], finish ~Sun 01:52
[wait] evaluation 65 running for 10 min
[bo]  45/100 [phi v4]  z=0.9655  SSE=25607.5  SSdU=0.409764  acq=6.731
       wall: propose 28.3s (gp 10.7+0.6s, acq 16.9s), matlab 608.7s, ledger 0.002s, iteration 637.0s
       55 left, eta 4.2 h [3.4 h-11.0 h], finish ~Sun 02:03
[bo]  46/100 [phi v4]  z=1.0000  SSE=31314.1  SSdU=0.246003  acq=6.829
       wall: propose 21.0s (gp 4.4+0.3s, acq 16.2s), matlab 169.2s, ledger 0.003s, iteration 190.2s
       54 left, eta 4.1 h [2.9 h-10.8 h], finish ~Sun 02:02
[bo]  47/100 [phi v4]  z=0.8323  SSE=21090.8  SSdU=0.15933  acq=6.361
       wall: propose 30.0s (gp 12.7+0.7s, acq 16.6s), matlab 149.2s, ledger 0.002s, iteration 179.2s
       53 left, eta 4.0 h [2.6 h-10.6 h], finish ~Sun 01:55
[wait] evaluation 68 running for 10 min
[wait] evaluation 68 running for 21 min
[wait] evaluation 68 running for 31 min
[wait] evaluation 68 running for 41 min
[wait] evaluation 68 running for 52 min
[wait] evaluation 68 running for 62 min
[wait] evaluation 68 running for 72 min
[wait] evaluation 68 running for 82 min
[wait] evaluation 68 running for 92 min
[wait] evaluation 68 running for 103 min
[wait] evaluation 68 running for 113 min
[matlab] restart 1: the MATLAB process exited with code -9. Relaunching main_BO for pending evaluation 68.
[matlab] MATLAB launched as pid 3776750 (main_BO, console /cluster/home/vitorn/Matlab/NMPC_BO/MFBO_NMPC/results/logs/matlab_console.log).
[matlab] MATLAB is serving requests.
[wait] evaluation 68 running for 123 min
[bo]  48/100 [phi v4]  z=0.9226  SSE=19539.8  SSdU=9.41384  acq=6.5
       wall: propose 23.0s (gp 7.0+0.9s, acq 15.1s), matlab 7664.3s, ledger 0.126s, iteration 7687.5s
       52 left, eta 3.9 h [2.6 h-111.0 h], finish ~Sun 03:59
[bo]  49/100 [phi v4]  z=0.9141  SSE=36995.8  SSdU=0.0630438  acq=8.114
       wall: propose 29.4s (gp 10.4+0.7s, acq 16.0s), matlab 148.2s, ledger 0.002s, iteration 178.4s
       51 left, eta 2.7 h [2.5 h-108.9 h], finish ~Sun 02:49
[bo]  50/100 [phi v4]  z=0.9136  SSE=19925.1  SSdU=0.0357974  acq=7.835
       wall: propose 25.1s (gp 10.2+0.7s, acq 14.1s), matlab 147.2s, ledger 0.002s, iteration 172.3s
       50 left, eta 2.5 h [2.4 h-106.8 h], finish ~Sun 02:39
[fit] vintage 5: fitting on 70 runs (20 DOE + 50 OPT requested)
[fit]   SSE: a = 0.726429, b = 1.949383, lambda = 0, loss = 1.3748e-02 (runs 69/70)
[fit]   SSdU: a = 0.908860, b = 2.410163, lambda = 0, loss = 1.1998e-01 (runs 69/70)
[fit] vintage 5 published to phi_coeffs.mat in 18.2 s
[bo]  51/100 [phi v5]  z=0.5090  SSE=54554.3  SSdU=9.11789  acq=6.309
       wall: propose 31.6s (gp 14.7+0.9s, acq 15.9s), matlab 73.1s, ledger 0.002s, iteration 104.7s
       49 left, eta 2.4 h [1.4 h-104.6 h], finish ~Sun 02:37
[bo]  52/100 [phi v5]  z=0.9428  SSE=17137.7  SSdU=0.326409  acq=7.453
       wall: propose 27.3s (gp 9.8+0.5s, acq 17.0s), matlab 172.3s, ledger 0.002s, iteration 199.6s
       48 left, eta 2.4 h [1.4 h-102.5 h], finish ~Sun 02:38
[bo]  53/100 [phi v5]  z=0.6519  SSE=56614.6  SSdU=6.01727  acq=6.616
       wall: propose 28.6s (gp 9.8+1.2s, acq 17.5s), matlab 97.1s, ledger 0.003s, iteration 125.8s
       47 left, eta 2.2 h [1.4 h-2.6 h], finish ~Sun 02:32
[bo]  54/100 [phi v5]  z=0.7180  SSE=21419.5  SSdU=0.709661  acq=6.785
       wall: propose 23.6s (gp 6.2+1.0s, acq 16.4s), matlab 113.2s, ledger 0.002s, iteration 136.8s
       46 left, eta 1.7 h [1.3 h-2.6 h], finish ~Sun 02:04
[bo]  55/100 [phi v5]  z=1.0000  SSE=17289.6  SSdU=0.320542  acq=6.32
       wall: propose 22.0s (gp 5.2+0.3s, acq 16.5s), matlab 176.3s, ledger 0.002s, iteration 198.3s
       45 left, eta 1.7 h [1.3 h-2.5 h], finish ~Sun 02:05
[bo]  56/100 [phi v5]  z=0.6601  SSE=23853.9  SSdU=0.768403  acq=5.956
       wall: propose 24.9s (gp 6.7+0.9s, acq 17.2s), matlab 102.2s, ledger 0.003s, iteration 127.0s
       44 left, eta 1.7 h [1.5 h-2.4 h], finish ~Sun 02:05
[bo]  57/100 [phi v5]  z=1.0000  SSE=18611.5  SSdU=0.0442618  acq=6.265
       wall: propose 26.5s (gp 8.4+0.6s, acq 17.5s), matlab 172.3s, ledger 0.002s, iteration 198.8s
       43 left, eta 1.6 h [1.5 h-2.4 h], finish ~Sun 02:06
[wait] evaluation 78 running for 10 min
[bo]  58/100 [phi v5]  z=0.8542  SSE=17544  SSdU=0.0992014  acq=5.769
       wall: propose 23.6s (gp 5.5+0.6s, acq 17.5s), matlab 699.1s, ledger 0.002s, iteration 722.7s
       42 left, eta 2.3 h [1.5 h-8.4 h], finish ~Sun 02:59
[bo]  59/100 [phi v5]  z=0.6411  SSE=31727.3  SSdU=2.75394  acq=5.883
       wall: propose 23.5s (gp 5.2+0.6s, acq 17.6s), matlab 90.1s, ledger 0.002s, iteration 113.7s
       41 left, eta 2.3 h [1.3 h-8.2 h], finish ~Sun 02:58
[bo]  60/100 [phi v5]  z=0.9393  SSE=52813.8  SSdU=1.85817  acq=8.366
       wall: propose 29.5s (gp 10.7+0.8s, acq 17.9s), matlab 119.2s, ledger 0.002s, iteration 148.7s
       40 left, eta 1.7 h [1.3 h-8.0 h], finish ~Sun 02:24
[fit] vintage 6: fitting on 80 runs (20 DOE + 60 OPT requested)
[fit]   SSE: a = 0.735444, b = 2.036805, lambda = 0, loss = 1.3173e-02 (runs 79/80)
[fit]   SSdU: a = 0.918086, b = 2.573795, lambda = 0, loss = 1.1763e-01 (runs 79/80)
[fit] vintage 6 published to phi_coeffs.mat in 21.2 s
[bo]  61/100 [phi v6]  z=0.7888  SSE=20267  SSdU=0.496853  acq=6.18
       wall: propose 26.3s (gp 5.4+2.9s, acq 17.9s), matlab 128.2s, ledger 0.003s, iteration 154.5s
       39 left, eta 1.7 h [1.2 h-7.8 h], finish ~Sun 02:28
[bo]  62/100 [phi v6]  z=0.8600  SSE=20309.7  SSdU=0.0305979  acq=7.759
       wall: propose 25.2s (gp 6.8+0.9s, acq 17.3s), matlab 145.2s, ledger 0.004s, iteration 170.4s
       38 left, eta 1.6 h [1.2 h-7.6 h], finish ~Sun 02:28
[bo]  63/100 [phi v6]  z=0.8459  SSE=18031.6  SSdU=0.0433031  acq=6.163
       wall: propose 26.1s (gp 7.2+1.7s, acq 17.1s), matlab 149.2s, ledger 0.002s, iteration 175.3s
       37 left, eta 1.6 h [1.2 h-1.8 h], finish ~Sun 02:29
[bo]  64/100 [phi v6]  z=0.6877  SSE=29189.7  SSdU=0.249258  acq=5.774
       wall: propose 29.3s (gp 7.9+1.8s, acq 19.5s), matlab 109.2s, ledger 0.003s, iteration 138.5s
       36 left, eta 1.5 h [1.4 h-1.8 h], finish ~Sun 02:28
[bo]  65/100 [phi v6]  z=0.7423  SSE=17646.6  SSdU=5.28842  acq=6.365
       wall: propose 32.5s (gp 9.8+3.7s, acq 19.0s), matlab 110.2s, ledger 0.002s, iteration 142.7s
       35 left, eta 1.5 h [1.3 h-1.7 h], finish ~Sun 02:28
[bo]  66/100 [phi v6]  z=1.0000  SSE=38278.5  SSdU=0.243959  acq=7.415
       wall: propose 16.7s (gp 5.5+0.8s, acq 10.3s), matlab 165.3s, ledger 0.005s, iteration 182.0s
       34 left, eta 1.6 h [1.3 h-1.7 h], finish ~Sun 02:38
[bo]  67/100 [phi v6]  z=0.9407  SSE=17337.3  SSdU=0.83461  acq=6.158
       wall: propose 27.5s (gp 7.1+1.2s, acq 19.0s), matlab 166.3s, ledger 0.002s, iteration 193.8s
       33 left, eta 1.6 h [1.3 h-1.8 h], finish ~Sun 02:41
[bo]  68/100 [phi v6]  z=1.0000  SSE=16400.9  SSdU=1.2294  acq=7.163
       wall: propose 27.8s (gp 8.0+2.3s, acq 17.5s), matlab 179.3s, ledger 0.003s, iteration 207.2s
       32 left, eta 1.6 h [1.2 h-1.8 h], finish ~Sun 02:45
[bo]  69/100 [phi v6]  z=0.6363  SSE=23637.9  SSdU=0.226959  acq=6.769
       wall: propose 26.3s (gp 7.0+1.2s, acq 18.0s), matlab 94.2s, ledger 0.002s, iteration 120.4s
       31 left, eta 1.6 h [1.0 h-1.8 h], finish ~Sun 02:44
[wait] evaluation 90 running for 10 min
[bo]  70/100 [phi v6]  z=1.0000  SSE=39187.1  SSdU=0.381523  acq=6.603
       wall: propose 26.9s (gp 9.2+0.9s, acq 16.7s), matlab 1061.9s, ledger 0.017s, iteration 1088.8s
       30 left, eta 1.6 h [1.0 h-9.1 h], finish ~Sun 03:05
[fit] vintage 7: fitting on 90 runs (20 DOE + 70 OPT requested)
[fit]   SSE: a = 0.728596, b = 2.040522, lambda = 0, loss = 1.3246e-02 (runs 89/90)
[fit]   SSdU: a = 0.866869, b = 2.572683, lambda = 0, loss = 1.0802e-01 (runs 89/90)
[fit] vintage 7 published to phi_coeffs.mat in 20.8 s
[bo]  71/100 [phi v7]  z=0.7810  SSE=26359.5  SSdU=0.0441939  acq=6.785
       wall: propose 22.9s (gp 7.5+0.9s, acq 14.3s), matlab 134.3s, ledger 0.002s, iteration 157.1s
       29 left, eta 1.6 h [58 min-8.8 h], finish ~Sun 03:04
[bo]  72/100 [phi v7]  z=0.5434  SSE=26372.5  SSdU=0.156817  acq=5.776
       wall: propose 29.3s (gp 7.7+2.2s, acq 19.2s), matlab 86.2s, ledger 0.002s, iteration 115.5s
       28 left, eta 1.2 h [54 min-8.5 h], finish ~Sun 02:46
[bo]  73/100 [phi v7]  z=0.7016  SSE=49565.9  SSdU=2.8356  acq=6.826
       wall: propose 26.2s (gp 5.8+2.1s, acq 18.2s), matlab 96.2s, ledger 0.002s, iteration 122.4s
       27 left, eta 55 min [52 min-8.2 h], finish ~Sun 02:30
[bo]  74/100 [phi v7]  z=0.8310  SSE=38121.8  SSdU=0.0393551  acq=6.459
       wall: propose 24.9s (gp 9.0+1.0s, acq 14.9s), matlab 258.5s, ledger 0.002s, iteration 283.4s
       26 left, eta 1.1 h [50 min-7.9 h], finish ~Sun 02:48
[bo]  75/100 [phi v7]  z=1.0000  SSE=21626.7  SSdU=0.15363  acq=5.648
       wall: propose 27.0s (gp 6.3+0.8s, acq 19.9s), matlab 178.3s, ledger 0.002s, iteration 205.3s
       25 left, eta 1.1 h [48 min-2.0 h], finish ~Sun 02:48
[bo]  76/100 [phi v7]  z=0.9313  SSE=105101  SSdU=66.9425  acq=7.101
       wall: propose 21.4s (gp 6.6+0.4s, acq 14.3s), matlab 150.3s, ledger 0.002s, iteration 171.7s
       24 left, eta 1.1 h [46 min-1.9 h], finish ~Sun 02:54
[bo]  77/100 [phi v7]  z=0.8398  SSE=18108.4  SSdU=3.79731  acq=7.011
       wall: propose 27.0s (gp 5.9+2.7s, acq 18.3s), matlab 237.4s, ledger 0.002s, iteration 264.5s
       23 left, eta 1.3 h [47 min-1.8 h], finish ~Sun 03:09
[bo]  78/100 [phi v7]  z=0.8175  SSE=26270.9  SSdU=0.497344  acq=6.242
       wall: propose 26.5s (gp 5.5+1.0s, acq 19.9s), matlab 122.2s, ledger 0.002s, iteration 148.8s
       22 left, eta 1.3 h [55 min-1.7 h], finish ~Sun 03:08
[bo]  79/100 [phi v7]  z=0.7629  SSE=17830.1  SSdU=3.67327  acq=5.618
       wall: propose 26.3s (gp 5.5+1.2s, acq 19.5s), matlab 318.6s, ledger 0.003s, iteration 344.9s
       21 left, eta 1.2 h [52 min-2.0 h], finish ~Sun 03:10
[wait] evaluation 100 running for 10 min
[wait] evaluation 100 running for 20 min
[bo]  80/100 [phi v7]  z=0.8919  SSE=13895  SSdU=0.169601  acq=5.528
       wall: propose 26.1s (gp 6.3+1.0s, acq 18.7s), matlab 1318.6s, ledger 0.005s, iteration 1344.7s
       20 left, eta 1.5 h [50 min-7.5 h], finish ~Sun 03:49
[fit] vintage 8: fitting on 100 runs (20 DOE + 80 OPT requested)
[fit]   SSE: a = 0.758730, b = 2.192691, lambda = 0, loss = 1.3345e-02 (runs 99/100)
[fit]   SSdU: a = 0.820351, b = 2.316458, lambda = 0, loss = 1.0485e-01 (runs 99/100)
[fit] vintage 8 published to phi_coeffs.mat in 27.4 s
[bo]  81/100 [phi v8]  z=1.0000  SSE=38803.5  SSdU=0.0791491  acq=5.187
       wall: propose 25.7s (gp 5.8+1.1s, acq 18.6s), matlab 356.7s, ledger 0.002s, iteration 382.5s
       19 left, eta 1.8 h [47 min-7.1 h], finish ~Sun 04:17
[wait] evaluation 102 running for 10 min
[wait] evaluation 102 running for 21 min
[wait] evaluation 102 running for 32 min
[wait] evaluation 102 running for 43 min
[wait] evaluation 102 running for 54 min
[wait] evaluation 102 running for 64 min
[wait] evaluation 102 running for 74 min
[wait] evaluation 102 running for 84 min
[wait] evaluation 102 running for 94 min
[wait] evaluation 102 running for 106 min
[wait] evaluation 102 running for 119 min
[wait] evaluation 102 running for 129 min
[wait] evaluation 102 running for 139 min
[wait] evaluation 102 running for 150 min
[wait] evaluation 102 running for 161 min
[wait] evaluation 102 running for 173 min
[wait] evaluation 102 running for 184 min
[wait] evaluation 102 running for 195 min
[wait] evaluation 102 running for 205 min
[wait] evaluation 102 running for 215 min
[wait] evaluation 102 running for 227 min
[wait] evaluation 102 running for 239 min
[wait] evaluation 102 running for 249 min
[wait] evaluation 102 running for 259 min
[wait] evaluation 102 running for 270 min
[wait] evaluation 102 running for 281 min
[wait] evaluation 102 running for 291 min
[wait] evaluation 102 running for 302 min
[wait] evaluation 102 running for 313 min
[wait] evaluation 102 running for 323 min
[wait] evaluation 102 running for 333 min
[wait] evaluation 102 running for 345 min
[wait] evaluation 102 running for 357 min
Traceback (most recent call last):
  File "/cluster/home/vitorn/Matlab/NMPC_BO/MFBO_NMPC/pipeline/driver.py", line 758, in main
    run_bo(cfg)
    ~~~~~~^^^^^
  File "/cluster/home/vitorn/Matlab/NMPC_BO/MFBO_NMPC/pipeline/driver.py", line 577, in run_bo
    row = wait_for_result(eval_id, path_results, path_failures,
                          poll_s=cfg.poll_s, timeout_s=cfg.eval_timeout_s)
  File "/cluster/home/vitorn/Matlab/NMPC_BO/MFBO_NMPC/pipeline/matlab_interface.py", line 301, in wait_for_result
    raise TimeoutError(
    ...<3 lines>...
    )
TimeoutError: evaluation 102 produced neither a results row nor a failure row within 6.0 h. Check that MATLAB is still running main_initialization.m or main_BO.m.

[run] stopped on an error. Every completed evaluation is on disk; fix the cause and restart the same command to resume.

[run_pipeline] the optimization phase stopped with code 1.
# ended 2026-08-02T08:29:14+0200
