# init phase, started 2026-07-31T17:04:28+0200
[log] console output is copied to /cluster/home/vitorn/Matlab/NMPC_BO/MFBO_NMPC/results/logs/init_20260731_170428.log
======================================================================
PHASE 1 of 2: design of experiments, case1
======================================================================
[run] phase=init case=case1 (12 free dimensions) budget=20+100
[registry] resuming under manifest manifest_init.json (1 restart(s) recorded)
[init] 1 of 20 design points already evaluated
[wait] evaluation 2 running for 10 min
[wait] evaluation 2 running for 20 min
[wait] evaluation 2 running for 30 min
[wait] evaluation 2 running for 40 min
[init]   2/20  z=0.9482  SSE=30647.6  SSdU=0.288954  solver=2725.1s  matlab=2727.6s
[init]   3/20  z=0.6616  SSE=16555.3  SSdU=0.117238  solver=531.9s  matlab=534.3s
       17 left, eta 7.7 h [2.5 h-12.9 h], finish ~Sat 01:40
[wait] evaluation 4 running for 10 min
[wait] evaluation 4 running for 20 min
[init]   4/20  z=0.4390  SSE=20278.1  SSdU=11.0844  solver=1767.3s  matlab=1769.1s
       16 left, eta 7.9 h [2.4 h-12.1 h], finish ~Sat 02:20
[init]   5/20  z=0.2872  SSE=50673.6  SSdU=4.41552  solver=174.5s  matlab=176.1s
       15 left, eta 4.8 h [44 min-11.4 h], finish ~Fri 23:19
[wait] evaluation 6 running for 10 min
[init]   6/20  z=0.5098  SSE=17105.4  SSdU=1.54179  solver=609.0s  matlab=611.4s
       14 left, eta 2.4 h [41 min-10.6 h], finish ~Fri 21:04
[wait] evaluation 7 running for 10 min
[wait] evaluation 7 running for 20 min
[wait] evaluation 7 running for 30 min
[wait] evaluation 7 running for 40 min
[init]   7/20  z=0.8601  SSE=25682.6  SSdU=3.01161  solver=2916.0s  matlab=2917.9s
       13 left, eta 2.2 h [38 min-10.5 h], finish ~Fri 21:42
[init]   8/20  z=0.1232  SSE=11759.5  SSdU=0.275444  solver=66.1s  matlab=68.1s
       12 left, eta 2.0 h [14 min-9.7 h], finish ~Fri 21:33
[init]   9/20  z=0.0240  SSE=2428.22  SSdU=0.00236482  solver=10.5s  matlab=13.1s
       11 left, eta 32 min [2 min-8.9 h], finish ~Fri 20:03
[wait] evaluation 10 running for 10 min
[wait] evaluation 10 running for 20 min
[wait] evaluation 10 running for 30 min
[wait] evaluation 10 running for 40 min
[matlab] restart 1: the MATLAB process exited with code -9. Relaunching main_initialization for pending evaluation 10.
[matlab] MATLAB launched as pid 1037975 (main_initialization, console /cluster/home/vitorn/Matlab/NMPC_BO/MFBO_NMPC/results/logs/matlab_console.log).
[matlab] MATLAB is serving requests.
[matlab] the relaunched server deleted the inbox on startup, so evaluation 10 was published again.
[wait] evaluation 10 running for 50 min
[wait] evaluation 10 running for 60 min
[wait] evaluation 10 running for 70 min
[init]  10/20  z=0.7720  SSE=25431.4  SSdU=7.75155  solver=1761.5s  matlab=4266.5s
       10 left, eta 1.7 h [2 min-11.9 h], finish ~Fri 22:24
[wait] evaluation 11 running for 10 min
[init]  11/20  z=0.6283  SSE=43277.3  SSdU=15.9826  solver=1159.2s  matlab=1160.8s
       9 left, eta 2.9 h [2 min-10.7 h], finish ~Fri 23:56
[init]  12/20  z=0.3560  SSE=18168.8  SSdU=0.0545794  solver=285.6s  matlab=288.2s
       8 left, eta 38 min [2 min-9.5 h], finish ~Fri 21:45
[init]  13/20  z=0.4439  SSE=14579.3  SSdU=0.026016  solver=555.0s  matlab=556.4s
       7 left, eta 1.1 h [2 min-8.3 h], finish ~Fri 22:20
[wait] evaluation 14 running for 10 min
[wait] evaluation 14 running for 20 min
[init]  14/20  z=0.7164  SSE=13027.4  SSdU=22.2396  solver=1726.0s  matlab=1728.3s
       6 left, eta 1.9 h [29 min-7.1 h], finish ~Fri 23:40
[init]  15/20  z=0.9238  SSE=15693.4  SSdU=12.5898  solver=335.7s  matlab=338.3s
       5 left, eta 46 min [24 min-2.4 h], finish ~Fri 22:36
[init]  16/20  z=0.1757  SSE=9181.67  SSdU=0.0571443  solver=421.7s  matlab=423.3s
       4 left, eta 28 min [19 min-1.9 h], finish ~Fri 22:25
[init]  17/20  z=0.1376  SSE=13049.1  SSdU=3.59574  solver=35.2s  matlab=38.0s
       3 left, eta 21 min [2 min-1.4 h], finish ~Fri 22:19
[wait] evaluation 18 running for 10 min
[wait] evaluation 18 running for 20 min
[wait] evaluation 18 running for 30 min
[wait] evaluation 18 running for 40 min
[matlab] restart 2: the MATLAB process exited with code -9. Relaunching main_initialization for pending evaluation 18.
[matlab] MATLAB launched as pid 1205528 (main_initialization, console /cluster/home/vitorn/Matlab/NMPC_BO/MFBO_NMPC/results/logs/matlab_console.log).
[matlab] MATLAB is serving requests.
[matlab] the relaunched server deleted the inbox on startup, so evaluation 18 was published again.
[wait] evaluation 18 running for 50 min
[wait] evaluation 18 running for 60 min
[wait] evaluation 18 running for 70 min
[wait] evaluation 18 running for 80 min
[wait] evaluation 18 running for 90 min
[init]  18/20  z=0.9056  SSE=31006.1  SSdU=3.71269  solver=2769.2s  matlab=5701.6s
       2 left, eta 14 min [1 min-3.2 h], finish ~Fri 23:47
[init]  19/20  z=0.7428  SSE=41633.7  SSdU=0.477758  solver=577.2s  matlab=579.5s
       1 left, eta 7 min [1 min-1.6 h], finish ~Fri 23:49
[wait] evaluation 20 running for 10 min
[init]  20/20  z=0.4892  SSE=16326.5  SSdU=8.22455  solver=1108.9s  matlab=1111.0s

[init] initialisation complete: 20 evaluations
[fit] vintage 0: fitting on 20 runs (20 DOE + 0 OPT requested)
[fit]   SSE: a = 0.584625, b = 1.174667, lambda = 0.01, loss = 1.0618e-02 (runs 19/20)
[fit]   SSdU: a = 1.231917, b = 3.187467, lambda = 0, loss = 7.2342e-02 (runs 19/20)
[fit] vintage 0 published to phi_coeffs.mat in 5.7 s
[init] vintage 0 fitted and published
[init] MATLAB hands over to main_BO on the first optimization request.

[run_pipeline] design complete. Waiting 10 s for MATLAB to hand over to main_BO.
# ended 2026-08-01T00:01:25+0200
