# init phase, started 2026-08-06T11:24:43+0200
[log] console output is copied to /cluster/home/vitorn/Matlab/NMPC_BO/MFBO_NMPC/results/running/logs/init_20260806_112443.log
======================================================================
PHASE 1 of 2: design of experiments, baseline
======================================================================
[run] phase=init case=baseline (7 free dimensions) budget=20+100
[registry] working tree was dirty; diff saved to working_tree_init.diff
[registry] manifest written to /cluster/home/vitorn/Matlab/NMPC_BO/MFBO_NMPC/results/running/registry/manifest_init.json
[init] 0 of 20 design points already evaluated
[wait] evaluation 1 running for 10 min
[wait] evaluation 1 running for 20 min
[init]   1/20  z=1.0000  SSE=45007.5  SSdU=2.44393  solver=1353.9s  matlab=1356.7s
[wait] evaluation 2 running for 10 min
[wait] evaluation 2 running for 20 min
[wait] evaluation 2 running for 30 min
[wait] evaluation 2 running for 40 min
[wait] evaluation 2 running for 50 min
[wait] evaluation 2 running for 60 min
[wait] evaluation 2 running for 70 min
[wait] evaluation 2 running for 80 min
[wait] evaluation 2 running for 90 min
[wait] evaluation 2 running for 100 min
[init]   2/20  z=1.0000  SSE=23639.1  SSdU=21.0178  solver=6405.5s  matlab=6407.5s
       18 left, eta 19.4 h [6.8 h-32.0 h], finish ~Fri 08:58
[wait] evaluation 3 running for 10 min
[wait] evaluation 3 running for 20 min
[wait] evaluation 3 running for 30 min
[wait] evaluation 3 running for 40 min
[init]   3/20  z=1.0000  SSE=15527.4  SSdU=18.6844  solver=2734.2s  matlab=2735.6s
       17 left, eta 12.9 h [6.4 h-30.3 h], finish ~Fri 03:14
[wait] evaluation 4 running for 10 min
[wait] evaluation 4 running for 20 min

[run] interrupted. Every completed evaluation is on disk; restart the same command to resume.

[run_pipeline] the design phase stopped with code 130. The optimization phase does not start.
# ended 2026-08-06T14:42:14+0200
