# bo phase, started 2026-09-08T08:37:28+0200
[log] console output is copied to /cluster/home/vitorn/Matlab/NMPC_BO/MFBO_NMPC/results/logs/bo_20260908_083728.log
======================================================================
PHASE 2 of 2: optimization, baseline
======================================================================
[run] phase=bo case=baseline (7 free dimensions) budget=20+100
[registry] resuming under manifest manifest_bo.json (1 restart(s) recorded)
[bo] resuming with 20 DOE and 2 OPT evaluations
[wait] evaluation 23 running for 10 min
[wait] evaluation 23 running for 20 min
[wait] evaluation 23 running for 30 min
[wait] evaluation 23 running for 40 min
[bo]   3/100 [phi v0]  z=1.0000  SSE=12850.8  SSdU=2.85803  acq=13.14
       wall: propose 22.1s (gp 2.2+0.0s, acq 4.6s), matlab 2909.0s, ledger 0.015s, iteration 2931.2s
[wait] evaluation 24 running for 10 min
[wait] evaluation 24 running for 20 min
[bo]   4/100 [phi v0]  z=1.0000  SSE=18262.3  SSdU=0.0478402  acq=13.11
       wall: propose 5.0s (gp 1.0+0.0s, acq 4.0s), matlab 1424.6s, ledger 0.111s, iteration 1429.7s
       96 left, eta 58.1 h [38.1 h-78.2 h], finish ~Thu 19:58
[wait] evaluation 25 running for 10 min
[wait] evaluation 25 running for 20 min
[wait] evaluation 25 running for 30 min
[wait] evaluation 25 running for 40 min
[bo]   5/100 [phi v0]  z=1.0000  SSE=12730.2  SSdU=13.4158  acq=12.88
       wall: propose 7.9s (gp 2.5+0.0s, acq 4.7s), matlab 2546.6s, ledger 0.024s, iteration 2554.8s
       95 left, eta 67.4 h [37.7 h-77.4 h], finish ~Fri 05:57
[wait] evaluation 26 running for 10 min
[wait] evaluation 26 running for 20 min
[wait] evaluation 26 running for 30 min
[bo]   6/100 [phi v0]  z=1.0000  SSE=17533.1  SSdU=0.110189  acq=12.64
       wall: propose 5.9s (gp 1.0+0.0s, acq 4.8s), matlab 2262.0s, ledger 0.177s, iteration 2268.1s
       94 left, eta 63.0 h [37.3 h-76.5 h], finish ~Fri 02:08
[wait] evaluation 27 running for 10 min
[wait] evaluation 27 running for 20 min
[wait] evaluation 27 running for 30 min
[wait] evaluation 27 running for 40 min
[wait] evaluation 27 running for 50 min
[wait] evaluation 27 running for 60 min
[wait] evaluation 27 running for 70 min
[wait] evaluation 27 running for 80 min
[wait] evaluation 27 running for 90 min
[wait] evaluation 27 running for 100 min
[wait] evaluation 27 running for 110 min
[wait] evaluation 27 running for 120 min
[wait] evaluation 27 running for 130 min
[wait] evaluation 27 running for 140 min
[wait] evaluation 27 running for 150 min
[wait] evaluation 27 running for 161 min
[wait] evaluation 27 running for 171 min
[wait] evaluation 27 running for 181 min
[wait] evaluation 27 running for 191 min
[wait] evaluation 27 running for 202 min
[matlab] restart 1: the MATLAB process exited with code -9. Relaunching main_BO for pending evaluation 27.
[matlab] MATLAB launched as pid 1868668 (main_BO, console /cluster/home/vitorn/Matlab/NMPC_BO/MFBO_NMPC/results/logs/matlab_console.log).
[matlab] MATLAB is serving requests.
[wait] evaluation 27 running for 212 min
[wait] evaluation 27 running for 222 min
[wait] evaluation 27 running for 232 min
[bo]   7/100 [phi v0]  z=1.0000  SSE=13639.4  SSdU=3.20431  acq=12.56
       wall: propose 7.9s (gp 3.2+0.0s, acq 4.0s), matlab 14460.8s, ledger 0.145s, iteration 14469.1s
       93 left, eta 66.0 h [36.9 h-373.8 h], finish ~Fri 09:11
[wait] evaluation 28 running for 10 min
[wait] evaluation 28 running for 20 min
[wait] evaluation 28 running for 30 min
[wait] evaluation 28 running for 40 min
[wait] evaluation 28 running for 50 min
[wait] evaluation 28 running for 60 min
[wait] evaluation 28 running for 70 min
[wait] evaluation 28 running for 80 min
