# bo phase, started 2026-09-08T17:29:31+0200
[log] console output is copied to /cluster/home/vitorn/Matlab/NMPC_BO/MFBO_NMPC/results/logs/bo_20260908_172931.log
======================================================================
PHASE 2 of 2: optimization, baseline
======================================================================
[run] phase=bo case=baseline (7 free dimensions) budget=20+100
[registry] resuming under manifest manifest_bo.json (2 restart(s) recorded)
[bo] resuming with 20 DOE and 7 OPT evaluations
[wait] evaluation 28 running for 10 min
[wait] evaluation 28 running for 20 min
[wait] evaluation 28 running for 30 min
[wait] evaluation 28 running for 40 min
[wait] evaluation 28 running for 50 min
[wait] evaluation 28 running for 60 min
[wait] evaluation 28 running for 70 min
[wait] evaluation 28 running for 80 min
[wait] evaluation 28 running for 90 min
[wait] evaluation 28 running for 100 min
[wait] evaluation 28 running for 110 min
[bo]   8/100 [phi v0]  z=1.0000  SSE=31216.6  SSdU=0.810081  acq=12.54
       wall: propose 22.0s (gp 3.1+0.0s, acq 7.6s), matlab 6614.0s, ledger 0.182s, iteration 6636.2s
[wait] evaluation 29 running for 10 min
[bo]   9/100 [phi v0]  z=1.0000  SSE=28118.5  SSdU=0.111704  acq=12.49
       wall: propose 16.3s (gp 5.9+0.0s, acq 8.1s), matlab 947.1s, ledger 0.102s, iteration 964.2s
       91 left, eta 96.1 h [24.4 h-167.7 h], finish ~Sat 19:39
[wait] evaluation 30 running for 10 min
[wait] evaluation 30 running for 20 min
[wait] evaluation 30 running for 30 min
[wait] evaluation 30 running for 40 min
[wait] evaluation 30 running for 50 min
[wait] evaluation 30 running for 60 min
[bo]  10/100 [phi v0]  z=1.0000  SSE=13101.8  SSdU=11.5265  acq=13.15
       wall: propose 7.6s (gp 1.9+0.0s, acq 5.6s), matlab 4081.9s, ledger 0.183s, iteration 4089.7s
       90 left, eta 102.2 h [24.1 h-165.9 h], finish ~Sun 02:58
[wait] evaluation 31 running for 10 min
[wait] evaluation 31 running for 20 min
[wait] evaluation 31 running for 30 min
[wait] evaluation 31 running for 40 min
[wait] evaluation 31 running for 50 min
[wait] evaluation 31 running for 60 min
[wait] evaluation 31 running for 70 min
[wait] evaluation 31 running for 80 min
[wait] evaluation 31 running for 90 min
[wait] evaluation 31 running for 100 min
[wait] evaluation 31 running for 110 min
[wait] evaluation 31 running for 120 min
[wait] evaluation 31 running for 130 min
[wait] evaluation 31 running for 140 min
[wait] evaluation 31 running for 151 min
[wait] evaluation 31 running for 161 min
[wait] evaluation 31 running for 171 min
[wait] evaluation 31 running for 181 min
[wait] evaluation 31 running for 191 min
[wait] evaluation 31 running for 201 min
[wait] evaluation 31 running for 212 min
[wait] evaluation 31 running for 222 min
[wait] evaluation 31 running for 232 min
[matlab] restart 1: the MATLAB process exited with code -9. Relaunching main_BO for pending evaluation 31.
[matlab] MATLAB launched as pid 586140 (main_BO, console /cluster/home/vitorn/Matlab/NMPC_BO/MFBO_NMPC/results/logs/matlab_console.log).
[matlab] MATLAB is serving requests.
[wait] evaluation 31 running for 242 min
[wait] evaluation 31 running for 252 min
[wait] evaluation 31 running for 262 min
[wait] evaluation 31 running for 272 min
[wait] evaluation 31 running for 282 min
[wait] evaluation 31 running for 292 min
[wait] evaluation 31 running for 302 min
[wait] evaluation 31 running for 312 min
[wait] evaluation 31 running for 322 min
[wait] evaluation 31 running for 332 min
[bo]  11/100 [phi v0]  z=1.0000  SSE=12517.1  SSdU=0.985485  acq=12.91
       wall: propose 17.0s (gp 5.5+0.0s, acq 9.3s), matlab 20035.7s, ledger 0.254s, iteration 20053.6s
       89 left, eta 132.6 h [23.8 h-495.8 h], finish ~Mon 14:53
[wait] evaluation 32 running for 10 min
[wait] evaluation 32 running for 20 min
[wait] evaluation 32 running for 30 min
[wait] evaluation 32 running for 40 min
[wait] evaluation 32 running for 50 min
[wait] evaluation 32 running for 60 min
[wait] evaluation 32 running for 70 min
[wait] evaluation 32 running for 80 min
[bo]  12/100 [phi v0]  z=1.0000  SSE=13641.6  SSdU=0.563512  acq=12.8
       wall: propose 22.4s (gp 6.3+0.0s, acq 13.7s), matlab 4896.8s, ledger 0.164s, iteration 4920.2s
       88 left, eta 120.3 h [23.6 h-490.2 h], finish ~Mon 03:56
[wait] evaluation 33 running for 10 min
[wait] evaluation 33 running for 20 min
[wait] evaluation 33 running for 30 min
[wait] evaluation 33 running for 40 min
[wait] evaluation 33 running for 50 min
[wait] evaluation 33 running for 60 min
[bo]  13/100 [phi v0]  z=1.0000  SSE=15608.4  SSdU=1.33028  acq=12.66
       wall: propose 12.2s (gp 5.0+0.0s, acq 6.5s), matlab 3619.7s, ledger 0.010s, iteration 3632.2s
       87 left, eta 98.8 h [23.3 h-484.6 h], finish ~Sun 07:31
[wait] evaluation 34 running for 10 min
[wait] evaluation 34 running for 20 min
[wait] evaluation 34 running for 30 min
[wait] evaluation 34 running for 40 min
[wait] evaluation 34 running for 50 min
[wait] evaluation 34 running for 60 min
[wait] evaluation 34 running for 71 min
[matlab] restart 2: the MATLAB process exited with code -9. Relaunching main_BO for pending evaluation 34.
[matlab] MATLAB launched as pid 660002 (main_BO, console /cluster/home/vitorn/Matlab/NMPC_BO/MFBO_NMPC/results/logs/matlab_console.log).
[matlab] MATLAB is serving requests.
[wait] evaluation 34 running for 81 min
[wait] evaluation 34 running for 91 min
[wait] evaluation 34 running for 101 min
[wait] evaluation 34 running for 111 min
[wait] evaluation 34 running for 121 min
[wait] evaluation 34 running for 131 min
[wait] evaluation 34 running for 141 min
[wait] evaluation 34 running for 151 min
[wait] evaluation 34 running for 161 min
[bo]  14/100 [phi v0]  z=1.0000  SSE=12643  SSdU=0.747466  acq=12.56
       wall: propose 9.5s (gp 3.5+0.0s, acq 5.9s), matlab 10195.8s, ledger 0.179s, iteration 10205.5s
       86 left, eta 117.5 h [86.8 h-479.1 h], finish ~Mon 05:03
[bo]  15/100 [phi v0]  z=1.0000  SSE=41533.2  SSdU=1.02545  acq=12.33
       wall: propose 16.1s (gp 6.6+0.0s, acq 7.5s), matlab 306.3s, ledger 0.002s, iteration 323.0s
       85 left, eta 116.2 h [7.6 h-473.5 h], finish ~Mon 03:46
[wait] evaluation 36 running for 10 min
[wait] evaluation 36 running for 20 min
[wait] evaluation 36 running for 30 min
[wait] evaluation 36 running for 40 min
[wait] evaluation 36 running for 50 min
[wait] evaluation 36 running for 60 min
[wait] evaluation 36 running for 70 min
[wait] evaluation 36 running for 80 min
[wait] evaluation 36 running for 90 min
[wait] evaluation 36 running for 100 min
[wait] evaluation 36 running for 110 min
[wait] evaluation 36 running for 120 min
[wait] evaluation 36 running for 130 min
[wait] evaluation 36 running for 140 min
[bo]  16/100 [phi v0]  z=1.0000  SSE=12396.6  SSdU=0.332182  acq=12.35
       wall: propose 11.2s (gp 2.7+0.0s, acq 8.4s), matlab 8727.5s, ledger 0.207s, iteration 8738.8s
       84 left, eta 114.8 h [7.5 h-238.1 h], finish ~Mon 04:50
[wait] evaluation 37 running for 10 min
[wait] evaluation 37 running for 20 min
[wait] evaluation 37 running for 30 min
[wait] evaluation 37 running for 40 min
[wait] evaluation 37 running for 50 min
[wait] evaluation 37 running for 60 min
[wait] evaluation 37 running for 70 min
[wait] evaluation 37 running for 81 min
[wait] evaluation 37 running for 91 min
[wait] evaluation 37 running for 101 min
[wait] evaluation 37 running for 111 min
[wait] evaluation 37 running for 121 min
[wait] evaluation 37 running for 131 min
[wait] evaluation 37 running for 141 min
[bo]  17/100 [phi v0]  z=1.0000  SSE=16319.7  SSdU=3.07192  acq=12.37
       wall: propose 20.9s (gp 7.3+0.0s, acq 11.4s), matlab 8583.7s, ledger 0.178s, iteration 8605.6s
       83 left, eta 198.4 h [7.4 h-235.3 h], finish ~Thu 18:50
[wait] evaluation 38 running for 10 min
[wait] evaluation 38 running for 20 min
[wait] evaluation 38 running for 30 min
[wait] evaluation 38 running for 40 min
[wait] evaluation 38 running for 50 min
[wait] evaluation 38 running for 60 min
[wait] evaluation 38 running for 70 min
[wait] evaluation 38 running for 80 min
[wait] evaluation 38 running for 90 min
[wait] evaluation 38 running for 100 min
[wait] evaluation 38 running for 110 min
[wait] evaluation 38 running for 120 min
[wait] evaluation 38 running for 130 min
[wait] evaluation 38 running for 140 min
[wait] evaluation 38 running for 150 min
[wait] evaluation 38 running for 160 min
[wait] evaluation 38 running for 170 min
[wait] evaluation 38 running for 180 min
[wait] evaluation 38 running for 190 min
[wait] evaluation 38 running for 200 min
[wait] evaluation 38 running for 210 min
[wait] evaluation 38 running for 220 min
[bo]  18/100 [phi v0]  z=1.0000  SSE=18803.9  SSdU=2.87955  acq=12.11
       wall: propose 19.6s (gp 6.4+0.0s, acq 10.9s), matlab 13472.1s, ledger 0.176s, iteration 13492.5s
       82 left, eta 199.1 h [7.4 h-307.3 h], finish ~Thu 23:13
[wait] evaluation 39 running for 10 min
[wait] evaluation 39 running for 20 min
[wait] evaluation 39 running for 30 min
[wait] evaluation 39 running for 40 min
[wait] evaluation 39 running for 50 min
