# bo phase, started 2026-09-09T17:16:06+0200
[log] console output is copied to /cluster/home/vitorn/Matlab/NMPC_BO/MFBO_NMPC/results/logs/bo_20260909_171606.log
======================================================================
PHASE 2 of 2: optimization, baseline
======================================================================
[run] phase=bo case=baseline (7 free dimensions) budget=20+100
[registry] resuming under manifest manifest_bo.json (3 restart(s) recorded)
[bo] resuming with 20 DOE and 18 OPT evaluations
[wait] evaluation 39 running for 10 min
[wait] evaluation 39 running for 20 min
[bo]  19/100 [phi v0]  z=1.0000  SSE=13758.1  SSdU=0.139536  acq=12.05
       wall: propose 26.1s (gp 2.5+0.0s, acq 12.8s), matlab 1258.0s, ledger 0.003s, iteration 1284.1s
[wait] evaluation 40 running for 10 min
[wait] evaluation 40 running for 20 min
[wait] evaluation 40 running for 30 min
[wait] evaluation 40 running for 40 min
[wait] evaluation 40 running for 50 min
[wait] evaluation 40 running for 60 min
[wait] evaluation 40 running for 70 min
[bo]  20/100 [phi v0]  z=1.0000  SSE=18317.1  SSdU=30.1168  acq=12.17
       wall: propose 14.0s (gp 2.1+0.0s, acq 11.8s), matlab 4667.8s, ledger 0.062s, iteration 4681.9s
       80 left, eta 66.3 h [28.5 h-104.0 h], finish ~Sat 13:12
[wait] evaluation 41 running for 10 min
[wait] evaluation 41 running for 20 min
[wait] evaluation 41 running for 30 min
[wait] evaluation 41 running for 40 min
[wait] evaluation 41 running for 50 min
[wait] evaluation 41 running for 60 min
[wait] evaluation 41 running for 70 min
[wait] evaluation 41 running for 80 min
[wait] evaluation 41 running for 90 min
[wait] evaluation 41 running for 100 min
[wait] evaluation 41 running for 110 min
[wait] evaluation 41 running for 120 min
[bo]  21/100 [phi v0]  z=1.0000  SSE=12744.6  SSdU=0.302045  acq=12.28
       wall: propose 19.0s (gp 7.1+0.0s, acq 9.8s), matlab 7347.9s, ledger 0.182s, iteration 7367.9s
       79 left, eta 102.7 h [28.2 h-161.7 h], finish ~Mon 03:42
[wait] evaluation 42 running for 10 min
[wait] evaluation 42 running for 20 min
[wait] evaluation 42 running for 30 min
[wait] evaluation 42 running for 40 min
[wait] evaluation 42 running for 50 min
[wait] evaluation 42 running for 61 min
[wait] evaluation 42 running for 71 min
[wait] evaluation 42 running for 81 min
[matlab] restart 1: the MATLAB process exited with code -9. Relaunching main_BO for pending evaluation 42.
[matlab] MATLAB launched as pid 842005 (main_BO, console /cluster/home/vitorn/Matlab/NMPC_BO/MFBO_NMPC/results/logs/matlab_console.log).
[matlab] MATLAB is serving requests.
[wait] evaluation 42 running for 91 min
[wait] evaluation 42 running for 101 min
[wait] evaluation 42 running for 111 min
[wait] evaluation 42 running for 121 min
[wait] evaluation 42 running for 131 min
[wait] evaluation 42 running for 141 min
[bo]  22/100 [phi v0]  z=1.0000  SSE=13483.4  SSdU=3.67653  acq=11.9
       wall: propose 19.5s (gp 6.5+0.0s, acq 11.0s), matlab 8477.4s, ledger 0.166s, iteration 8497.9s
       78 left, eta 130.5 h [27.8 h-184.1 h], finish ~Tue 09:52
[wait] evaluation 43 running for 10 min
[wait] evaluation 43 running for 20 min
[wait] evaluation 43 running for 30 min
[wait] evaluation 43 running for 40 min
[wait] evaluation 43 running for 50 min
