# init phase, started 2026-08-07T10:51:54+0200
[log] console output is copied to /cluster/home/vitorn/Matlab/NMPC_BO/MFBO_NMPC/results/logs/init_20260807_105154.log
======================================================================
PHASE 1 of 2: design of experiments, baseline
======================================================================
[run] phase=init case=baseline (7 free dimensions) budget=20+100
[registry] resuming under manifest manifest_init.json (3 restart(s) recorded)
[init] 13 of 20 design points already evaluated
[wait] evaluation 14 running for 10 min
[wait] evaluation 14 running for 20 min
[wait] evaluation 14 running for 30 min
[matlab] restart 1: the MATLAB process exited with code -9. Relaunching main_initialization for pending evaluation 14.
[matlab] MATLAB launched as pid 2891589 (main_initialization, console /cluster/home/vitorn/Matlab/NMPC_BO/MFBO_NMPC/results/logs/matlab_console.log).
[matlab] MATLAB is serving requests.
[matlab] the relaunched server deleted the inbox on startup, so evaluation 14 was published again.
[wait] evaluation 14 running for 40 min
[wait] evaluation 14 running for 50 min
[wait] evaluation 14 running for 60 min
[wait] evaluation 14 running for 71 min
[wait] evaluation 14 running for 81 min
[wait] evaluation 14 running for 91 min
[wait] evaluation 14 running for 101 min
[init]  14/20  z=1.0000  SSE=27159.2  SSdU=7.02432  solver=4303.7s  matlab=6395.1s
