# init phase, started 2026-09-07T12:32:26+0200
[log] console output is copied to /cluster/home/vitorn/Matlab/NMPC_BO/MFBO_NMPC/results/logs/init_20260907_123226.log
======================================================================
PHASE 1 of 2: design of experiments, baseline
======================================================================
[run] phase=init case=baseline (7 free dimensions) budget=20+100
[registry] resuming under manifest manifest_init.json (4 restart(s) recorded)
[init] 14 of 20 design points already evaluated
[wait] evaluation 15 running for 10 min
[init]  15/20  z=1.0000  SSE=13288.1  SSdU=0.408043  solver=973.3s  matlab=974.7s
[wait] evaluation 16 running for 10 min
[wait] evaluation 16 running for 20 min
[wait] evaluation 16 running for 30 min
[init]  16/20  z=1.0000  SSE=45487.2  SSdU=42.505  solver=1902.9s  matlab=1905.4s
       4 left, eta 1.6 h [1.1 h-2.1 h], finish ~Mon 14:56
[init]  17/20  z=1.0000  SSE=22720.7  SSdU=0.0638955  solver=253.1s  matlab=255.2s
       3 left, eta 49 min [13 min-1.6 h], finish ~Mon 14:13
[wait] evaluation 18 running for 10 min
[wait] evaluation 18 running for 20 min
[wait] evaluation 18 running for 30 min
[wait] evaluation 18 running for 40 min
[wait] evaluation 18 running for 50 min
[wait] evaluation 18 running for 60 min
[init]  18/20  z=1.0000  SSE=19186.4  SSdU=18.1282  solver=4184.1s  matlab=4186.7s
       2 left, eta 48 min [9 min-2.3 h], finish ~Mon 15:22
[wait] evaluation 19 running for 10 min
[wait] evaluation 19 running for 20 min
[init]  19/20  z=1.0000  SSE=12759.2  SSdU=9.30314  solver=1390.0s  matlab=1391.2s
       1 left, eta 23 min [4 min-1.2 h], finish ~Mon 15:20
[wait] evaluation 20 running for 10 min
[wait] evaluation 20 running for 20 min
[wait] evaluation 20 running for 30 min
[matlab] restart 1: the MATLAB process exited with code -9. Relaunching main_initialization for pending evaluation 20.
[matlab] MATLAB launched as pid 669849 (main_initialization, console /cluster/home/vitorn/Matlab/NMPC_BO/MFBO_NMPC/results/logs/matlab_console.log).
[matlab] MATLAB is serving requests.
[matlab] the relaunched server deleted the inbox on startup, so evaluation 20 was published again.
[wait] evaluation 20 running for 40 min
[wait] evaluation 20 running for 50 min
[init]  20/20  z=1.0000  SSE=53784.8  SSdU=22.8804  solver=1614.3s  matlab=3533.4s

[init] initialisation complete: 20 evaluations
[init] baseline: static phi (a = b = 1, vintage 0) published; no fit, because z = 1 makes phi = 1 exactly
[init] MATLAB hands over to main_BO on the first optimization request.

[run_pipeline] design complete. Waiting 10 s for MATLAB to hand over to main_BO.
# ended 2026-09-07T15:56:41+0200
