# init phase, started 2026-08-06T15:12:27+0200
[log] console output is copied to /cluster/home/vitorn/Matlab/NMPC_BO/MFBO_NMPC/results/logs/init_20260806_151227.log
======================================================================
PHASE 1 of 2: design of experiments, baseline
======================================================================
[run] phase=init case=baseline (7 free dimensions) budget=20+100
[registry] working tree was dirty; diff saved to working_tree_init.diff
[registry] manifest written to /cluster/home/vitorn/Matlab/NMPC_BO/MFBO_NMPC/results/registry/manifest_init.json
[init] 0 of 20 design points already evaluated
[wait] evaluation 1 running for 10 min
[init]   1/20  z=1.0000  SSE=45007.5  SSdU=2.44393  solver=924.2s  matlab=927.4s
[wait] evaluation 2 running for 10 min
[wait] evaluation 2 running for 20 min
[wait] evaluation 2 running for 30 min
[wait] evaluation 2 running for 40 min
[wait] evaluation 2 running for 50 min
[wait] evaluation 2 running for 60 min
[init]   2/20  z=1.0000  SSE=23639.1  SSdU=21.0178  solver=4106.3s  matlab=4108.1s
       18 left, eta 12.6 h [4.6 h-20.5 h], finish ~Fri 05:11
[wait] evaluation 3 running for 10 min
[wait] evaluation 3 running for 20 min
[wait] evaluation 3 running for 30 min
[init]   3/20  z=1.0000  SSE=15527.4  SSdU=18.6844  solver=1830.0s  matlab=1830.3s
       17 left, eta 8.6 h [4.4 h-19.4 h], finish ~Fri 01:45
[wait] evaluation 4 running for 10 min
[wait] evaluation 4 running for 20 min
[wait] evaluation 4 running for 30 min
[wait] evaluation 4 running for 40 min
[wait] evaluation 4 running for 50 min
[wait] evaluation 4 running for 60 min
[init]   4/20  z=1.0000  SSE=51187.6  SSdU=13.0615  solver=3760.5s  matlab=3771.5s
       16 left, eta 12.4 h [4.1 h-18.3 h], finish ~Fri 06:36
[matlab] restart 1: the MATLAB process exited with code -9. Relaunching main_initialization for pending evaluation 5.
[matlab] MATLAB launched as pid 1818098 (main_initialization, console /cluster/home/vitorn/Matlab/NMPC_BO/MFBO_NMPC/results/logs/matlab_console.log).
[matlab] MATLAB is serving requests.
[matlab] the relaunched server deleted the inbox on startup, so evaluation 5 was published again.
[wait] evaluation 5 running for 10 min
[wait] evaluation 5 running for 20 min
[init]   5/20  z=1.0000  SSE=58940.3  SSdU=59.0636  solver=1069.0s  matlab=1223.4s
       15 left, eta 7.6 h [3.9 h-17.1 h], finish ~Fri 02:07
[wait] evaluation 6 running for 10 min
[wait] evaluation 6 running for 20 min
[wait] evaluation 6 running for 30 min
[wait] evaluation 6 running for 40 min
[wait] evaluation 6 running for 50 min
[wait] evaluation 6 running for 60 min
[wait] evaluation 6 running for 70 min
[init]   6/20  z=1.0000  SSE=16731.4  SSdU=3.55235  solver=4454.4s  matlab=4455.7s
       14 left, eta 14.7 h [4.8 h-17.3 h], finish ~Fri 10:24
[wait] evaluation 7 running for 10 min
[wait] evaluation 7 running for 20 min
[wait] evaluation 7 running for 30 min
[init]   7/20  z=1.0000  SSE=30711  SSdU=10.9029  solver=2382.9s  matlab=2384.5s
       13 left, eta 8.6 h [4.4 h-16.1 h], finish ~Fri 05:00
[wait] evaluation 8 running for 10 min
[wait] evaluation 8 running for 20 min
[init]   8/20  z=1.0000  SSE=22310.7  SSdU=1.99754  solver=1438.9s  matlab=1441.9s
       12 left, eta 7.9 h [4.1 h-14.9 h], finish ~Fri 04:45
[init]   9/20  z=1.0000  SSE=25827.7  SSdU=39.2704  solver=547.5s  matlab=549.3s
       11 left, eta 4.4 h [1.7 h-13.6 h], finish ~Fri 01:21
[wait] evaluation 10 running for 10 min
[wait] evaluation 10 running for 20 min
[wait] evaluation 10 running for 30 min
[wait] evaluation 10 running for 40 min
[matlab] restart 2: the MATLAB process exited with code -9. Relaunching main_initialization for pending evaluation 10.
[matlab] MATLAB launched as pid 1984299 (main_initialization, console /cluster/home/vitorn/Matlab/NMPC_BO/MFBO_NMPC/results/logs/matlab_console.log).
[matlab] MATLAB is serving requests.
[matlab] the relaunched server deleted the inbox on startup, so evaluation 10 was published again.
[wait] evaluation 10 running for 50 min
[wait] evaluation 10 running for 60 min
[wait] evaluation 10 running for 70 min
[wait] evaluation 10 running for 80 min
[wait] evaluation 10 running for 90 min
[wait] evaluation 10 running for 100 min
[wait] evaluation 10 running for 110 min
[wait] evaluation 10 running for 120 min
[wait] evaluation 10 running for 130 min
[init]  10/20  z=1.0000  SSE=12536.2  SSdU=0.471511  solver=5106.1s  matlab=7996.2s
       10 left, eta 6.6 h [1.5 h-22.2 h], finish ~Fri 05:48
[wait] evaluation 11 running for 10 min
[wait] evaluation 11 running for 20 min
[wait] evaluation 11 running for 30 min
[init]  11/20  z=1.0000  SSE=18973.5  SSdU=33.8218  solver=2172.9s  matlab=2173.4s
       9 left, eta 5.4 h [1.4 h-20.0 h], finish ~Fri 05:13
[wait] evaluation 12 running for 10 min
[wait] evaluation 12 running for 20 min
[wait] evaluation 12 running for 30 min
[init]  12/20  z=1.0000  SSE=12411.6  SSdU=18.0264  solver=2304.5s  matlab=2306.5s
       8 left, eta 4.8 h [1.2 h-17.8 h], finish ~Fri 05:15
[wait] MATLAB is busy (matlab.lock present) ...
[wait] evaluation 13 running for 10 min
[wait] evaluation 13 running for 20 min
[init]  13/20  z=1.0000  SSE=56674.3  SSdU=28.2203  solver=1224.2s  matlab=1226.8s
       7 left, eta 4.2 h [1.1 h-15.5 h], finish ~Fri 04:59
[wait] evaluation 14 running for 10 min
[wait] evaluation 14 running for 20 min
[wait] evaluation 14 running for 30 min
[wait] evaluation 14 running for 40 min
[wait] evaluation 14 running for 50 min
[wait] evaluation 14 running for 60 min
[wait] evaluation 14 running for 70 min
[wait] evaluation 14 running for 80 min
[wait] evaluation 14 running for 91 min
[wait] evaluation 14 running for 101 min
[wait] evaluation 14 running for 111 min
[wait] evaluation 14 running for 121 min
[wait] evaluation 14 running for 131 min
[wait] evaluation 14 running for 141 min
[wait] evaluation 14 running for 151 min
[wait] evaluation 14 running for 161 min
[wait] evaluation 14 running for 171 min
[wait] evaluation 14 running for 181 min
[wait] evaluation 14 running for 191 min
[wait] evaluation 14 running for 202 min
[wait] evaluation 14 running for 212 min
[wait] evaluation 14 running for 222 min
[wait] evaluation 14 running for 232 min
[wait] evaluation 14 running for 242 min
[wait] evaluation 14 running for 252 min
[wait] evaluation 14 running for 262 min
[wait] evaluation 14 running for 272 min
[wait] evaluation 14 running for 282 min
[wait] evaluation 14 running for 292 min
[wait] evaluation 14 running for 302 min
[wait] evaluation 14 running for 312 min
[wait] evaluation 14 running for 323 min
[wait] evaluation 14 running for 333 min
[wait] evaluation 14 running for 343 min
[wait] evaluation 14 running for 353 min
[wait] evaluation 14 running for 363 min
[wait] evaluation 14 running for 373 min
[wait] evaluation 14 running for 383 min
[wait] evaluation 14 running for 393 min
[wait] evaluation 14 running for 403 min
[wait] evaluation 14 running for 413 min
[wait] evaluation 14 running for 424 min
[wait] evaluation 14 running for 434 min
[wait] evaluation 14 running for 444 min
[wait] evaluation 14 running for 454 min
[wait] evaluation 14 running for 464 min
[wait] evaluation 14 running for 474 min
[wait] evaluation 14 running for 484 min
[wait] evaluation 14 running for 494 min
[wait] evaluation 14 running for 504 min
[wait] evaluation 14 running for 514 min
[wait] evaluation 14 running for 525 min
[matlab] restart 3: the MATLAB process exited with code -9. Relaunching main_initialization for pending evaluation 14.
[matlab] MATLAB launched as pid 2111314 (main_initialization, console /cluster/home/vitorn/Matlab/NMPC_BO/MFBO_NMPC/results/logs/matlab_console.log).

[run] interrupted. Every completed evaluation is on disk; restart the same command to resume.

[run_pipeline] the design phase stopped with code 130. The optimization phase does not start.
# ended 2026-08-07T09:37:32+0200
