# bo phase, started 2026-08-04T09:08:54+0200
[log] console output is copied to /cluster/home/vitorn/Matlab/NMPC_BO/MFBO_NMPC/results/logs/bo_20260804_090854.log
======================================================================
PHASE 2 of 2: optimization, case2
======================================================================
[run] phase=bo case=case2 (8 free dimensions) budget=20+100
[registry] resuming under manifest manifest_bo.json (4 restart(s) recorded)
[bo] resuming with 20 DOE and 76 OPT evaluations
[bo]  77/100 [phi v7]  z=0.6246  SSE=13447.7  SSdU=1.91766  acq=4.788
       wall: propose 33.8s (gp 2.4+0.2s, acq 19.2s), matlab 305.6s, ledger 0.017s, iteration 339.4s
[bo]  78/100 [phi v7]  z=0.6490  SSE=13430.7  SSdU=0.288265  acq=4.867
       wall: propose 19.9s (gp 1.2+0.3s, acq 18.4s), matlab 300.6s, ledger 0.002s, iteration 320.5s
       22 left, eta 2.0 h [2.0 h-2.1 h], finish ~Tue 11:20
[wait] evaluation 99 running for 10 min
[bo]  79/100 [phi v7]  z=0.8808  SSE=32932.8  SSdU=1.24263  acq=4.778
       wall: propose 17.8s (gp 1.2+0.4s, acq 16.1s), matlab 862.6s, ledger 0.020s, iteration 880.4s
       21 left, eta 2.0 h [1.9 h-5.1 h], finish ~Tue 11:33
[wait] evaluation 100 running for 10 min
[wait] evaluation 100 running for 20 min
[bo]  80/100 [phi v7]  z=0.7996  SSE=17922.9  SSdU=1.93651  acq=4.946
       wall: propose 18.5s (gp 1.0+0.4s, acq 17.0s), matlab 1647.0s, ledger 0.032s, iteration 1665.6s
       20 left, eta 3.4 h [1.8 h-9.3 h], finish ~Tue 13:25
[fit] vintage 8: fitting on 100 runs (20 DOE + 80 OPT requested)
[fit]   SSE: a = 0.834284, b = 2.814746, lambda = 0, loss = 1.3407e-02 (runs 98/100)
[fit]   SSdU: a = 0.906610, b = 2.426800, lambda = 0, loss = 9.5189e-02 (runs 98/100)
[fit] vintage 8 published to phi_coeffs.mat in 26.2 s
[bo]  81/100 [phi v8]  z=0.7470  SSE=14201.8  SSdU=0.721887  acq=4.708
       wall: propose 19.1s (gp 1.1+0.4s, acq 17.4s), matlab 473.9s, ledger 0.007s, iteration 493.0s
       19 left, eta 2.6 h [1.7 h-8.8 h], finish ~Tue 12:47
[wait] evaluation 102 running for 10 min
[bo]  82/100 [phi v8]  z=1.0000  SSE=95087.8  SSdU=0.352662  acq=4.689
       wall: propose 18.7s (gp 1.0+0.3s, acq 17.4s), matlab 980.8s, ledger 0.035s, iteration 999.6s
       18 left, eta 4.4 h [1.6 h-8.3 h], finish ~Tue 14:51
[bo]  83/100 [phi v8]  z=0.8130  SSE=12769.2  SSdU=5.63237  acq=6.271
       wall: propose 17.2s (gp 1.2+0.3s, acq 14.9s), matlab 134.3s, ledger 0.003s, iteration 151.8s
       17 left, eta 4.2 h [43 min-7.9 h], finish ~Tue 14:39
[bo]  84/100 [phi v8]  z=0.9526  SSE=39098.6  SSdU=3.85793  acq=7.054
       wall: propose 18.4s (gp 3.7+0.3s, acq 14.3s), matlab 185.4s, ledger 0.002s, iteration 203.8s
       16 left, eta 2.2 h [40 min-7.4 h], finish ~Tue 12:45
[bo]  85/100 [phi v8]  z=0.7750  SSE=13403.3  SSdU=3.55679  acq=6.544
       wall: propose 19.9s (gp 2.6+0.3s, acq 16.9s), matlab 294.6s, ledger 0.020s, iteration 314.5s
       15 left, eta 1.3 h [38 min-4.2 h], finish ~Tue 11:57
[bo]  86/100 [phi v8]  z=0.7559  SSE=13556.4  SSdU=2.20696  acq=6.357
       wall: propose 20.9s (gp 2.4+0.4s, acq 18.0s), matlab 129.3s, ledger 0.002s, iteration 150.2s
       14 left, eta 48 min [35 min-3.9 h], finish ~Tue 11:28
[bo]  87/100 [phi v8]  z=1.0000  SSE=13455.7  SSdU=10.1517  acq=6.119
       wall: propose 20.9s (gp 1.3+0.2s, acq 19.2s), matlab 212.4s, ledger 0.002s, iteration 233.4s
       13 left, eta 44 min [33 min-1.1 h], finish ~Tue 11:29
[bo]  88/100 [phi v8]  z=0.8896  SSE=13571.5  SSdU=0.761848  acq=5.908
       wall: propose 18.5s (gp 1.8+0.3s, acq 16.3s), matlab 159.3s, ledger 0.002s, iteration 177.8s
       12 left, eta 41 min [30 min-1.0 h], finish ~Tue 11:28
[bo]  89/100 [phi v8]  z=0.8407  SSE=14919.1  SSdU=0.394513  acq=5.796
       wall: propose 20.9s (gp 1.9+0.4s, acq 18.5s), matlab 150.3s, ledger 0.002s, iteration 171.2s
       11 left, eta 33 min [28 min-58 min], finish ~Tue 11:23
[wait] evaluation 110 running for 10 min
[bo]  90/100 [phi v8]  z=0.8561  SSE=14489.4  SSdU=0.724228  acq=5.646
       wall: propose 19.9s (gp 2.5+1.4s, acq 15.8s), matlab 790.6s, ledger 0.003s, iteration 810.5s
       10 left, eta 30 min [25 min-2.3 h], finish ~Tue 11:34
[fit] vintage 9: fitting on 110 runs (20 DOE + 90 OPT requested)
[fit]   SSE: a = 0.845681, b = 2.942929, lambda = 0, loss = 1.3576e-02 (runs 108/110)
[fit]   SSdU: a = 0.918202, b = 2.426793, lambda = 0, loss = 9.0597e-02 (runs 108/110)
[fit] vintage 9 published to phi_coeffs.mat in 27.6 s
[bo]  91/100 [phi v9]  z=0.8461  SSE=21809.7  SSdU=2.17309  acq=6.127
       wall: propose 21.9s (gp 2.2+1.0s, acq 18.6s), matlab 136.3s, ledger 0.002s, iteration 158.2s
       9 left, eta 27 min [24 min-2.0 h], finish ~Tue 11:34
[wait] evaluation 112 running for 10 min
[bo]  92/100 [phi v9]  z=0.7223  SSE=13694.2  SSdU=5.00765  acq=5.647
       wall: propose 20.8s (gp 1.8+0.6s, acq 18.3s), matlab 706.7s, ledger 0.060s, iteration 727.5s
       8 left, eta 24 min [21 min-1.8 h], finish ~Tue 11:43
[bo]  93/100 [phi v9]  z=0.9237  SSE=36687.4  SSdU=0.183522  acq=5.765
       wall: propose 18.2s (gp 2.3+1.1s, acq 14.6s), matlab 163.3s, ledger 0.002s, iteration 181.5s
       7 left, eta 21 min [18 min-1.6 h], finish ~Tue 11:43
[bo]  94/100 [phi v9]  z=0.9262  SSE=18527.7  SSdU=0.111457  acq=5.774
       wall: propose 17.5s (gp 1.8+1.1s, acq 14.5s), matlab 182.4s, ledger 0.016s, iteration 199.9s
       6 left, eta 20 min [16 min-1.4 h], finish ~Tue 11:46
[bo]  95/100 [phi v9]  z=0.8692  SSE=18363.9  SSdU=2.26027  acq=5.721
       wall: propose 17.2s (gp 1.8+1.3s, acq 14.0s), matlab 204.4s, ledger 0.021s, iteration 221.7s
       5 left, eta 17 min [13 min-1.0 h], finish ~Tue 11:46
[wait] evaluation 116 running for 10 min
[bo]  96/100 [phi v9]  z=0.7846  SSE=14574.3  SSdU=2.01102  acq=5.354
       wall: propose 17.3s (gp 2.3+0.6s, acq 14.2s), matlab 773.6s, ledger 0.007s, iteration 791.0s
       4 left, eta 15 min [12 min-53 min], finish ~Tue 11:57
[wait] evaluation 117 running for 11 min
[wait] evaluation 117 running for 24 min
[wait] evaluation 117 running for 35 min
[wait] evaluation 117 running for 45 min
[wait] evaluation 117 running for 55 min
[wait] evaluation 117 running for 68 min
